Copyright 1986-2018 Xilinx, Inc. All Rights Reserved.
-------------------------------------------------------------------------------------------------------------------------------------------------------------------------------------------------------------------------------
| Tool Version : Vivado v.2018.1 (lin64) Build 2188600 Wed Apr  4 18:39:19 MDT 2018
| Date         : Tue Nov 30 00:38:14 2021
| Host         : animal.digi.e-technik.uni-kassel.de running 64-bit AlmaLinux release 8.4 (Electric Cheetah)
| Command      : report_utilization -file /home/nfiege/Repositories/origami/vhdl/ratII/synth/mat_inv/NonUniformILP/mat_inv_NonUniformILP_129_wrapper_ultrascale2_250/implementedSystem_toplevel_wrapper_utilization_placed.rpt
| Design       : implementedSystem_toplevel_wrapper
| Device       : xcvu13pfhga2104-2
| Design State : Routed
-------------------------------------------------------------------------------------------------------------------------------------------------------------------------------------------------------------------------------

Utilization Design Information

Table of Contents
-----------------
1. CLB Logic
1.1 Summary of Registers by Type
2. CLB Logic Distribution
3. BLOCKRAM
4. ARITHMETIC
5. I/O
6. CLOCK
7. ADVANCED
8. CONFIGURATION
9. Primitives
10. Black Boxes
11. Instantiated Netlists
12. SLR Connectivity and Clocking Utilization
13. SLR Connectivity Matrix
14. SLR CLB Logic and Dedicated Block Utilization
15. SLR IO Utilization

1. CLB Logic
------------

+----------------------------+-------+-------+-----------+-------+
|          Site Type         |  Used | Fixed | Available | Util% |
+----------------------------+-------+-------+-----------+-------+
| CLB LUTs                   | 29252 |     0 |   1728000 |  1.69 |
|   LUT as Logic             | 22062 |     0 |   1728000 |  1.28 |
|   LUT as Memory            |  7190 |     0 |    791040 |  0.91 |
|     LUT as Distributed RAM |     0 |     0 |           |       |
|     LUT as Shift Register  |  7190 |     0 |           |       |
| CLB Registers              | 41003 |     0 |   3456000 |  1.19 |
|   Register as Flip Flop    | 41003 |     0 |   3456000 |  1.19 |
|   Register as Latch        |     0 |     0 |   3456000 |  0.00 |
| CARRY8                     |   762 |     0 |    216000 |  0.35 |
| F7 Muxes                   |   214 |     0 |    864000 |  0.02 |
| F8 Muxes                   |     0 |     0 |    432000 |  0.00 |
| F9 Muxes                   |     0 |     0 |    216000 |  0.00 |
+----------------------------+-------+-------+-----------+-------+


1.1 Summary of Registers by Type
--------------------------------

+-------+--------------+-------------+--------------+
| Total | Clock Enable | Synchronous | Asynchronous |
+-------+--------------+-------------+--------------+
| 0     |            _ |           - |            - |
| 0     |            _ |           - |          Set |
| 0     |            _ |           - |        Reset |
| 0     |            _ |         Set |            - |
| 0     |            _ |       Reset |            - |
| 0     |          Yes |           - |            - |
| 1     |          Yes |           - |          Set |
| 27586 |          Yes |           - |        Reset |
| 2     |          Yes |         Set |            - |
| 13414 |          Yes |       Reset |            - |
+-------+--------------+-------------+--------------+


2. CLB Logic Distribution
-------------------------

+-------------------------------------------+-------+-------+-----------+-------+
|                 Site Type                 |  Used | Fixed | Available | Util% |
+-------------------------------------------+-------+-------+-----------+-------+
| CLB                                       |  4995 |     0 |    216000 |  2.31 |
|   CLBL                                    |  2711 |     0 |           |       |
|   CLBM                                    |  2284 |     0 |           |       |
| LUT as Logic                              | 22062 |     0 |   1728000 |  1.28 |
|   using O5 output only                    |    41 |       |           |       |
|   using O6 output only                    | 16438 |       |           |       |
|   using O5 and O6                         |  5583 |       |           |       |
| LUT as Memory                             |  7190 |     0 |    791040 |  0.91 |
|   LUT as Distributed RAM                  |     0 |     0 |           |       |
|   LUT as Shift Register                   |  7190 |     0 |           |       |
|     using O5 output only                  |     0 |       |           |       |
|     using O6 output only                  |  5878 |       |           |       |
|     using O5 and O6                       |  1312 |       |           |       |
| LUT Flip Flop Pairs                       | 17851 |     0 |   1728000 |  1.03 |
|   fully used LUT-FF pairs                 |  5425 |       |           |       |
|   LUT-FF pairs with one unused LUT output | 12303 |       |           |       |
|   LUT-FF pairs with one unused Flip Flop  |  9359 |       |           |       |
| Unique Control Sets                       |    63 |       |           |       |
+-------------------------------------------+-------+-------+-----------+-------+
* Note: Review the Control Sets Report for more information regarding control sets.


3. BLOCKRAM
-----------

+----------------+------+-------+-----------+-------+
|    Site Type   | Used | Fixed | Available | Util% |
+----------------+------+-------+-----------+-------+
| Block RAM Tile |    0 |     0 |      2688 |  0.00 |
|   RAMB36/FIFO* |    0 |     0 |      2688 |  0.00 |
|   RAMB18       |    0 |     0 |      5376 |  0.00 |
| URAM           |    0 |     0 |      1280 |  0.00 |
+----------------+------+-------+-----------+-------+
* Note: Each Block RAM Tile only has one FIFO logic available and therefore can accommodate only one FIFO36E2 or one FIFO18E2. However, if a FIFO18E2 occupies a Block RAM Tile, that tile can still accommodate a RAMB18E2


4. ARITHMETIC
-------------

+----------------+------+-------+-----------+-------+
|    Site Type   | Used | Fixed | Available | Util% |
+----------------+------+-------+-----------+-------+
| DSPs           |  102 |     0 |     12288 |  0.83 |
|   DSP48E2 only |  102 |       |           |       |
+----------------+------+-------+-----------+-------+


5. I/O
------

+------------------+------+-------+-----------+-------+
|     Site Type    | Used | Fixed | Available | Util% |
+------------------+------+-------+-----------+-------+
| Bonded IOB       |   95 |     0 |       832 | 11.42 |
| HPIOB_M          |   48 |     0 |       384 | 12.50 |
|   INPUT          |   33 |       |           |       |
|   OUTPUT         |   15 |       |           |       |
|   BIDIR          |    0 |       |           |       |
| HPIOB_S          |   47 |     0 |       384 | 12.24 |
|   INPUT          |   30 |       |           |       |
|   OUTPUT         |   17 |       |           |       |
|   BIDIR          |    0 |       |           |       |
| HPIOB_SNGL       |    0 |     0 |        64 |  0.00 |
| HPIOBDIFFINBUF   |    0 |     0 |       384 |  0.00 |
| HPIOBDIFFOUTBUF  |    0 |     0 |       384 |  0.00 |
| BITSLICE_CONTROL |    0 |     0 |       128 |  0.00 |
| BITSLICE_RX_TX   |    0 |     0 |       832 |  0.00 |
| BITSLICE_TX      |    0 |     0 |       128 |  0.00 |
| RIU_OR           |    0 |     0 |        64 |  0.00 |
+------------------+------+-------+-----------+-------+


6. CLOCK
--------

+----------------------+------+-------+-----------+-------+
|       Site Type      | Used | Fixed | Available | Util% |
+----------------------+------+-------+-----------+-------+
| GLOBAL CLOCK BUFFERs |    2 |     0 |      1344 |  0.15 |
|   BUFGCE             |    2 |     0 |       384 |  0.52 |
|   BUFGCE_DIV         |    0 |     0 |        64 |  0.00 |
|   BUFG_GT            |    0 |     0 |       768 |  0.00 |
|   BUFGCTRL*          |    0 |     0 |       128 |  0.00 |
| PLL                  |    0 |     0 |        32 |  0.00 |
| MMCM                 |    0 |     0 |        16 |  0.00 |
+----------------------+------+-------+-----------+-------+
* Note: Each used BUFGCTRL counts as two global buffer resources. This table does not include global clocking resources, only buffer cell usage. See the Clock Utilization Report (report_clock_utilization) for detailed accounting of global clocking resource availability.


7. ADVANCED
-----------

+------------------+------+-------+-----------+-------+
|     Site Type    | Used | Fixed | Available | Util% |
+------------------+------+-------+-----------+-------+
| CMACE4           |    0 |     0 |        12 |  0.00 |
| GTYE4_CHANNEL    |    0 |     0 |        52 |  0.00 |
| GTYE4_COMMON     |    0 |     0 |        13 |  0.00 |
| ILKNE4           |    0 |     0 |         8 |  0.00 |
| OBUFDS_GTE4      |    0 |     0 |        26 |  0.00 |
| OBUFDS_GTE4_ADV  |    0 |     0 |        26 |  0.00 |
| PCIE40E4         |    0 |     0 |         4 |  0.00 |
| SYSMONE4         |    0 |     0 |         4 |  0.00 |
| LAGUNA Registers |    0 |     0 |    138240 |  0.00 |
|   as TX_REG      |    0 |       |           |       |
|   as RX_REG      |    0 |       |           |       |
+------------------+------+-------+-----------+-------+


8. CONFIGURATION
----------------

+-------------+------+-------+-----------+-------+
|  Site Type  | Used | Fixed | Available | Util% |
+-------------+------+-------+-----------+-------+
| BSCANE2     |    0 |     0 |        16 |  0.00 |
| DNA_PORTE2  |    0 |     0 |         4 |  0.00 |
| EFUSE_USR   |    0 |     0 |         1 |  0.00 |
| FRAME_ECCE4 |    0 |     0 |         1 |  0.00 |
| ICAPE3      |    0 |     0 |         2 |  0.00 |
| MASTER_JTAG |    0 |     0 |         4 |  0.00 |
| STARTUPE3   |    0 |     0 |         1 |  0.00 |
+-------------+------+-------+-----------+-------+


9. Primitives
-------------

+----------+-------+---------------------+
| Ref Name |  Used | Functional Category |
+----------+-------+---------------------+
| FDCE     | 27586 |            Register |
| FDRE     | 13414 |            Register |
| LUT6     | 11283 |                 CLB |
| LUT2     |  6989 |                 CLB |
| SRLC32E  |  4559 |                 CLB |
| SRL16E   |  3943 |                 CLB |
| LUT3     |  3731 |                 CLB |
| LUT5     |  3272 |                 CLB |
| LUT4     |  2241 |                 CLB |
| CARRY8   |   762 |                 CLB |
| MUXF7    |   214 |                 CLB |
| LUT1     |   129 |                 CLB |
| DSP48E2  |   102 |          Arithmetic |
| INBUF    |    63 |                 I/O |
| IBUFCTRL |    63 |              Others |
| OBUF     |    32 |                 I/O |
| FDSE     |     2 |            Register |
| BUFGCE   |     2 |               Clock |
| FDPE     |     1 |            Register |
+----------+-------+---------------------+


10. Black Boxes
---------------

+----------+------+
| Ref Name | Used |
+----------+------+


11. Instantiated Netlists
-------------------------

+----------+------+
| Ref Name | Used |
+----------+------+


12. SLR Connectivity and Clocking Utilization
---------------------------------------------

+----------+-----------------+---------+-----------------+--------------+-------+-------+
|          | Total SLLs Used | (%)SLLs | BUFGs/BUFGCTRLs | BUFH/BUFHCEs | BUFRs | MMCMs |
+----------+-----------------+---------+-----------------+--------------+-------+-------+
| SLR3     |                 |         |               0 |            0 |     0 |     0 |
| ||||||-> |               0 |    0.00 |                 |              |       |       |
| SLR2     |                 |         |               0 |            0 |     0 |     0 |
| ||||||-> |               0 |    0.00 |                 |              |       |       |
| SLR1     |                 |         |               2 |            0 |     0 |     0 |
| ||||||-> |               0 |    0.00 |                 |              |       |       |
| SLR0     |                 |         |               0 |            0 |     0 |     0 |
+----------+-----------------+---------+-----------------+--------------+-------+-------+
| Total    |               0 |         |               2 |            0 |     0 |     0 |
+----------+-----------------+---------+-----------------+--------------+-------+-------+


13. SLR Connectivity Matrix
---------------------------

+------+------+------+------+------+
|      | SLR3 | SLR2 | SLR1 | SLR0 |
+------+------+------+------+------+
| SLR3 |    0 |    0 |    0 |    0 |
| SLR2 |    0 |    0 |    0 |    0 |
| SLR1 |    0 |    0 |    0 |    0 |
| SLR0 |    0 |    0 |    0 |    0 |
+------+------+------+------+------+


14. SLR CLB Logic and Dedicated Block Utilization
-------------------------------------------------

+-----------+------+---------+------------+-------------+---------------+-----------+-------+------+------+
| SLR Index | CLBs | (%)CLBs | Total LUTs | Memory LUTs | (%)Total LUTs | Registers | BRAMs | URAM | DSPs |
+-----------+------+---------+------------+-------------+---------------+-----------+-------+------+------+
| SLR3      |    0 |    0.00 |          0 |           0 |          0.00 |         0 |     0 |    0 |    0 |
| SLR2      |    0 |    0.00 |          0 |           0 |          0.00 |         0 |     0 |    0 |    0 |
| SLR1      | 4995 |    9.25 |      29252 |        7190 |          6.77 |     41003 |     0 |    0 |  102 |
| SLR0      |    0 |    0.00 |          0 |           0 |          0.00 |         0 |     0 |    0 |    0 |
+-----------+------+---------+------------+-------------+---------------+-----------+-------+------+------+
| Total     | 4995 |         |      29252 |        7190 |               |     41003 |     0 |    0 |  102 |
+-----------+------+---------+------------+-------------+---------------+-----------+-------+------+------+


15. SLR IO Utilization
----------------------

+-----------+-------------+---------+--------------+----------+--------------+----------+-----+
| SLR Index | Bonded IOBs | (%)IOBs | Bonded IPADs | (%)IPADs | Bonded OPADs | (%)OPADs | GTs |
+-----------+-------------+---------+--------------+----------+--------------+----------+-----+
| SLR3      |           0 |    0.00 |            0 |     0.00 |            0 |     0.00 |   0 |
| SLR2      |           0 |    0.00 |            0 |     0.00 |            0 |     0.00 |   0 |
| SLR1      |          95 |   45.67 |            0 |     0.00 |            0 |     0.00 |   0 |
| SLR0      |           0 |    0.00 |            0 |     0.00 |            0 |     0.00 |   0 |
+-----------+-------------+---------+--------------+----------+--------------+----------+-----+
| Total     |          95 |         |            0 |          |            0 |          |   0 |
+-----------+-------------+---------+--------------+----------+--------------+----------+-----+


