Copyright 1986-2018 Xilinx, Inc. All Rights Reserved.
------------------------------------------------------------------------------------------------------------------------------------------------------------------------------------------------
| Tool Version      : Vivado v.2018.1 (lin64) Build 2188600 Wed Apr  4 18:39:19 MDT 2018
| Date              : Sat Aug 28 09:28:56 2021
| Host              : animal.digi.e-technik.uni-kassel.de running 64-bit AlmaLinux release 8.3 (Purple Manul)
| Command           : report_timing -file /home/nfiege/Repositories/origami/vhdl/ratII/synth/fir_SAM/UniformILPNew/fir_SAM_UniformILPNew_166_ultrascale2_250/implementedSystem_timing_synth.rpt
| Design            : implementedSystem_toplevel
| Device            : xcvu13p-fhga2104
| Speed File        : -2  PRODUCTION 1.19 03-17-2018
| Temperature Grade : E
------------------------------------------------------------------------------------------------------------------------------------------------------------------------------------------------

Timing Report

Slack (MET) :             0.576ns  (required time - arrival time)
  Source:                 Delay1No5_instance/Y_reg[17]/C
                            (rising edge-triggered cell FDCE clocked by clk  {rise@0.000ns fall@2.000ns period=4.000ns})
  Destination:            Product14_1_impl_instance/SignificandMultiplication/RR__0/DSP_OUTPUT_INST/ALU_OUT[0]
                            (rising edge-triggered cell DSP_OUTPUT clocked by clk  {rise@0.000ns fall@2.000ns period=4.000ns})
  Path Group:             clk
  Path Type:              Setup (Max at Slow Process Corner)
  Requirement:            4.000ns  (clk rise@4.000ns - clk rise@0.000ns)
  Data Path Delay:        3.304ns  (logic 2.154ns (65.194%)  route 1.150ns (34.806%))
  Logic Levels:           7  (DSP_A_B_DATA=1 DSP_ALU=2 DSP_M_DATA=1 DSP_MULTIPLIER=1 DSP_OUTPUT=1 DSP_PREADD_DATA=1)
  Clock Path Skew:        -0.099ns (DCD - SCD + CPR)
    Destination Clock Delay (DCD):    2.640ns = ( 6.640 - 4.000 ) 
    Source Clock Delay      (SCD):    3.185ns
    Clock Pessimism Removal (CPR):    0.446ns
  Clock Uncertainty:      0.035ns  ((TSJ^2 + TIJ^2)^1/2 + DJ) / 2 + PE
    Total System Jitter     (TSJ):    0.071ns
    Total Input Jitter      (TIJ):    0.000ns
    Discrete Jitter          (DJ):    0.000ns
    Phase Error              (PE):    0.000ns
  Clock Net Delay (Source):      2.248ns (routing 1.167ns, distribution 1.081ns)
  Clock Net Delay (Destination): 1.993ns (routing 1.060ns, distribution 0.933ns)

    Location             Delay type                Incr(ns)  Path(ns)    Netlist Resource(s)
  -------------------------------------------------------------------    -------------------
                         (clock clk rise edge)        0.000     0.000 r  
    AR14                                              0.000     0.000 r  clk (IN)
                         net (fo=0)                   0.000     0.000    clk_IBUF_inst/I
    AR14                 INBUF (Prop_INBUF_HPIOB_M_PAD_O)
                                                      0.586     0.586 r  clk_IBUF_inst/INBUF_INST/O
                         net (fo=1, routed)           0.000     0.586    clk_IBUF_inst/OUT
    AR14                 IBUFCTRL (Prop_IBUFCTRL_HPIOB_M_I_O)
                                                      0.000     0.586 r  clk_IBUF_inst/IBUFCTRL_INST/O
                         net (fo=1, routed)           0.323     0.909    clk_IBUF
    BUFGCE_X0Y170        BUFGCE (Prop_BUFCE_BUFGCE_I_O)
                                                      0.028     0.937 r  clk_IBUF_BUFG_inst/O
    X3Y5 (CLOCK_ROOT)    net (fo=20134, routed)       2.248     3.185    Delay1No5_instance/clk_IBUF_BUFG
    SLICE_X116Y322       FDCE                                         r  Delay1No5_instance/Y_reg[17]/C
  -------------------------------------------------------------------    -------------------
    SLICE_X116Y322       FDCE (Prop_GFF2_SLICEL_C_Q)
                                                      0.081     3.266 f  Delay1No5_instance/Y_reg[17]/Q
                         net (fo=1, routed)           1.136     4.402    Product14_1_impl_instance/SignificandMultiplication/RR/A[17]
    DSP48E2_X15Y128      DSP_A_B_DATA (Prop_DSP_A_B_DATA_DSP48E2_A[17]_A2_DATA[17])
                                                      0.192     4.594 r  Product14_1_impl_instance/SignificandMultiplication/RR/DSP_A_B_DATA_INST/A2_DATA[17]
                         net (fo=1, routed)           0.000     4.594    Product14_1_impl_instance/SignificandMultiplication/RR/DSP_A_B_DATA.A2_DATA<17>
    DSP48E2_X15Y128      DSP_PREADD_DATA (Prop_DSP_PREADD_DATA_DSP48E2_A2_DATA[17]_A2A1[17])
                                                      0.076     4.670 r  Product14_1_impl_instance/SignificandMultiplication/RR/DSP_PREADD_DATA_INST/A2A1[17]
                         net (fo=1, routed)           0.000     4.670    Product14_1_impl_instance/SignificandMultiplication/RR/DSP_PREADD_DATA.A2A1<17>
    DSP48E2_X15Y128      DSP_MULTIPLIER (Prop_DSP_MULTIPLIER_DSP48E2_A2A1[17]_U[37])
                                                      0.505     5.175 f  Product14_1_impl_instance/SignificandMultiplication/RR/DSP_MULTIPLIER_INST/U[37]
                         net (fo=1, routed)           0.000     5.175    Product14_1_impl_instance/SignificandMultiplication/RR/DSP_MULTIPLIER.U<37>
    DSP48E2_X15Y128      DSP_M_DATA (Prop_DSP_M_DATA_DSP48E2_U[37]_U_DATA[37])
                                                      0.047     5.222 r  Product14_1_impl_instance/SignificandMultiplication/RR/DSP_M_DATA_INST/U_DATA[37]
                         net (fo=1, routed)           0.000     5.222    Product14_1_impl_instance/SignificandMultiplication/RR/DSP_M_DATA.U_DATA<37>
    DSP48E2_X15Y128      DSP_ALU (Prop_DSP_ALU_DSP48E2_U_DATA[37]_ALU_OUT[47])
                                                      0.585     5.807 f  Product14_1_impl_instance/SignificandMultiplication/RR/DSP_ALU_INST/ALU_OUT[47]
                         net (fo=1, routed)           0.000     5.807    Product14_1_impl_instance/SignificandMultiplication/RR/DSP_ALU.ALU_OUT<47>
    DSP48E2_X15Y128      DSP_OUTPUT (Prop_DSP_OUTPUT_DSP48E2_ALU_OUT[47]_PCOUT[47])
                                                      0.122     5.929 r  Product14_1_impl_instance/SignificandMultiplication/RR/DSP_OUTPUT_INST/PCOUT[47]
                         net (fo=1, routed)           0.014     5.943    Product14_1_impl_instance/SignificandMultiplication/RR__0/PCIN[47]
    DSP48E2_X15Y129      DSP_ALU (Prop_DSP_ALU_DSP48E2_PCIN[47]_ALU_OUT[0])
                                                      0.546     6.489 r  Product14_1_impl_instance/SignificandMultiplication/RR__0/DSP_ALU_INST/ALU_OUT[0]
                         net (fo=1, routed)           0.000     6.489    Product14_1_impl_instance/SignificandMultiplication/RR__0/DSP_ALU.ALU_OUT<0>
    DSP48E2_X15Y129      DSP_OUTPUT                                   r  Product14_1_impl_instance/SignificandMultiplication/RR__0/DSP_OUTPUT_INST/ALU_OUT[0]
  -------------------------------------------------------------------    -------------------

                         (clock clk rise edge)        4.000     4.000 r  
    AR14                                              0.000     4.000 r  clk (IN)
                         net (fo=0)                   0.000     4.000    clk_IBUF_inst/I
    AR14                 INBUF (Prop_INBUF_HPIOB_M_PAD_O)
                                                      0.336     4.336 r  clk_IBUF_inst/INBUF_INST/O
                         net (fo=1, routed)           0.000     4.336    clk_IBUF_inst/OUT
    AR14                 IBUFCTRL (Prop_IBUFCTRL_HPIOB_M_I_O)
                                                      0.000     4.336 r  clk_IBUF_inst/IBUFCTRL_INST/O
                         net (fo=1, routed)           0.287     4.623    clk_IBUF
    BUFGCE_X0Y170        BUFGCE (Prop_BUFCE_BUFGCE_I_O)
                                                      0.024     4.647 r  clk_IBUF_BUFG_inst/O
    X3Y5 (CLOCK_ROOT)    net (fo=20134, routed)       1.993     6.640    Product14_1_impl_instance/SignificandMultiplication/RR__0/CLK
    DSP48E2_X15Y129      DSP_OUTPUT                                   r  Product14_1_impl_instance/SignificandMultiplication/RR__0/DSP_OUTPUT_INST/CLK
                         clock pessimism              0.446     7.086    
                         clock uncertainty           -0.035     7.051    
    DSP48E2_X15Y129      DSP_OUTPUT (Setup_DSP_OUTPUT_DSP48E2_CLK_ALU_OUT[0])
                                                      0.015     7.066    Product14_1_impl_instance/SignificandMultiplication/RR__0/DSP_OUTPUT_INST
  -------------------------------------------------------------------
                         required time                          7.066    
                         arrival time                          -6.489    
  -------------------------------------------------------------------
                         slack                                  0.576    




