Copyright 1986-2018 Xilinx, Inc. All Rights Reserved.
----------------------------------------------------------------------------------------------------------------------------------------------------------------------------------------------
| Tool Version      : Vivado v.2018.1 (lin64) Build 2188600 Wed Apr  4 18:39:19 MDT 2018
| Date              : Mon Dec  7 08:17:31 2020
| Host              : animal.digi.e-technik.uni-kassel.de running 64-bit CentOS Linux release 7.8.2003 (Core)
| Command           : report_timing -file /home/nfiege/Repositories/origami/vhdl/ratII/synth/fir_SAM/NonUniformILP/fir_SAM_NonUniformILP_3_ultrascale2_250/implementedSystem_timing_synth.rpt
| Design            : implementedSystem_toplevel
| Device            : xcvu13p-fhga2104
| Speed File        : -2  PRODUCTION 1.19 03-17-2018
| Temperature Grade : E
----------------------------------------------------------------------------------------------------------------------------------------------------------------------------------------------

Timing Report

Slack (MET) :             0.313ns  (required time - arrival time)
  Source:                 SharedReg363_instance/s25_reg_c/C
                            (rising edge-triggered cell FDCE clocked by clk  {rise@0.000ns fall@2.000ns period=4.000ns})
  Destination:            SharedReg121_instance/Y_reg[28]/D
                            (rising edge-triggered cell FDCE clocked by clk  {rise@0.000ns fall@2.000ns period=4.000ns})
  Path Group:             clk
  Path Type:              Setup (Max at Slow Process Corner)
  Requirement:            4.000ns  (clk rise@4.000ns - clk rise@0.000ns)
  Data Path Delay:        3.653ns  (logic 0.169ns (4.626%)  route 3.484ns (95.374%))
  Logic Levels:           1  (LUT2=1)
  Clock Path Skew:        -0.024ns (DCD - SCD + CPR)
    Destination Clock Delay (DCD):    2.958ns = ( 6.958 - 4.000 ) 
    Source Clock Delay      (SCD):    3.384ns
    Clock Pessimism Removal (CPR):    0.402ns
  Clock Uncertainty:      0.035ns  ((TSJ^2 + TIJ^2)^1/2 + DJ) / 2 + PE
    Total System Jitter     (TSJ):    0.071ns
    Total Input Jitter      (TIJ):    0.000ns
    Discrete Jitter          (DJ):    0.000ns
    Phase Error              (PE):    0.000ns
  Clock Net Delay (Source):      2.433ns (routing 1.167ns, distribution 1.266ns)
  Clock Net Delay (Destination): 2.298ns (routing 1.060ns, distribution 1.238ns)

    Location             Delay type                Incr(ns)  Path(ns)    Netlist Resource(s)
  -------------------------------------------------------------------    -------------------
                         (clock clk rise edge)        0.000     0.000 r  
    AP13                                              0.000     0.000 r  clk (IN)
                         net (fo=0)                   0.000     0.000    clk_IBUF_inst/I
    AP13                 INBUF (Prop_INBUF_HPIOB_M_PAD_O)
                                                      0.600     0.600 r  clk_IBUF_inst/INBUF_INST/O
                         net (fo=1, routed)           0.000     0.600    clk_IBUF_inst/OUT
    AP13                 IBUFCTRL (Prop_IBUFCTRL_HPIOB_M_I_O)
                                                      0.000     0.600 r  clk_IBUF_inst/IBUFCTRL_INST/O
                         net (fo=1, routed)           0.323     0.923    clk_IBUF
    BUFGCE_X0Y170        BUFGCE (Prop_BUFCE_BUFGCE_I_O)
                                                      0.028     0.951 r  clk_IBUF_BUFG_inst/O
    X3Y5 (CLOCK_ROOT)    net (fo=65200, routed)       2.433     3.384    SharedReg363_instance/clk
    SLICE_X86Y270        FDCE                                         r  SharedReg363_instance/s25_reg_c/C
  -------------------------------------------------------------------    -------------------
    SLICE_X86Y270        FDCE (Prop_EFF_SLICEL_C_Q)
                                                      0.079     3.463 r  SharedReg363_instance/s25_reg_c/Q
                         net (fo=248, routed)         3.436     6.899    SharedReg121_instance/s25_reg_c
    SLICE_X138Y349       LUT2 (Prop_A6LUT_SLICEL_I1_O)
                                                      0.090     6.989 r  SharedReg121_instance/s25_reg_gate__4/O
                         net (fo=1, routed)           0.048     7.037    SharedReg121_instance/s25_reg_gate__4_n_0
    SLICE_X138Y349       FDCE                                         r  SharedReg121_instance/Y_reg[28]/D
  -------------------------------------------------------------------    -------------------

                         (clock clk rise edge)        4.000     4.000 r  
    AP13                                              0.000     4.000 r  clk (IN)
                         net (fo=0)                   0.000     4.000    clk_IBUF_inst/I
    AP13                 INBUF (Prop_INBUF_HPIOB_M_PAD_O)
                                                      0.349     4.349 r  clk_IBUF_inst/INBUF_INST/O
                         net (fo=1, routed)           0.000     4.349    clk_IBUF_inst/OUT
    AP13                 IBUFCTRL (Prop_IBUFCTRL_HPIOB_M_I_O)
                                                      0.000     4.349 r  clk_IBUF_inst/IBUFCTRL_INST/O
                         net (fo=1, routed)           0.287     4.636    clk_IBUF
    BUFGCE_X0Y170        BUFGCE (Prop_BUFCE_BUFGCE_I_O)
                                                      0.024     4.660 r  clk_IBUF_BUFG_inst/O
    X3Y5 (CLOCK_ROOT)    net (fo=65200, routed)       2.298     6.958    SharedReg121_instance/clk
    SLICE_X138Y349       FDCE                                         r  SharedReg121_instance/Y_reg[28]/C
                         clock pessimism              0.402     7.360    
                         clock uncertainty           -0.035     7.324    
    SLICE_X138Y349       FDCE (Setup_AFF_SLICEL_C_D)
                                                      0.025     7.349    SharedReg121_instance/Y_reg[28]
  -------------------------------------------------------------------
                         required time                          7.349    
                         arrival time                          -7.037    
  -------------------------------------------------------------------
                         slack                                  0.313    




