Copyright 1986-2018 Xilinx, Inc. All Rights Reserved.
-------------------------------------------------------------------------------------------------------------------------------------------------------------------------------------------------
| Tool Version      : Vivado v.2018.1 (lin64) Build 2188600 Wed Apr  4 18:39:19 MDT 2018
| Date              : Fri Apr 24 05:40:23 2020
| Host              : animal.digi.e-technik.uni-kassel.de running 64-bit CentOS Linux release 7.7.1908 (Core)
| Command           : report_timing -file /home/nfiege/Repositories/origami/vhdl/ratII/synth/splin_pf/NonUniformILP/splin_pf_NonUniformILP_17_ultrascale2_250/implementedSystem_timing_synth.rpt
| Design            : implementedSystem_toplevel
| Device            : xcvu13p-fhga2104
| Speed File        : -2  PRODUCTION 1.19 03-17-2018
| Temperature Grade : E
-------------------------------------------------------------------------------------------------------------------------------------------------------------------------------------------------

Timing Report

Slack (MET) :             0.259ns  (required time - arrival time)
  Source:                 SharedReg75_instance/s4_reg_c/C
                            (rising edge-triggered cell FDCE clocked by clk  {rise@0.000ns fall@2.000ns period=4.000ns})
  Destination:            SharedReg73_instance/Y_reg[32]/D
                            (rising edge-triggered cell FDCE clocked by clk  {rise@0.000ns fall@2.000ns period=4.000ns})
  Path Group:             clk
  Path Type:              Setup (Max at Slow Process Corner)
  Requirement:            4.000ns  (clk rise@4.000ns - clk rise@0.000ns)
  Data Path Delay:        3.428ns  (logic 0.133ns (3.880%)  route 3.295ns (96.120%))
  Logic Levels:           1  (LUT2=1)
  Clock Path Skew:        -0.130ns (DCD - SCD + CPR)
    Destination Clock Delay (DCD):    2.632ns = ( 6.632 - 4.000 ) 
    Source Clock Delay      (SCD):    3.137ns
    Clock Pessimism Removal (CPR):    0.376ns
  Clock Uncertainty:      0.035ns  ((TSJ^2 + TIJ^2)^1/2 + DJ) / 2 + PE
    Total System Jitter     (TSJ):    0.071ns
    Total Input Jitter      (TIJ):    0.000ns
    Discrete Jitter          (DJ):    0.000ns
    Phase Error              (PE):    0.000ns
  Inter-SLR Compensation: 0.172ns  ((DCD - CCD) * PF)
    Destination Clock Delay (DCD):    2.632ns
    Common Clock Delay      (CCD):    1.483ns
    Prorating Factor         (PF):    0.150
  Clock Net Delay (Source):      2.200ns (routing 0.921ns, distribution 1.279ns)
  Clock Net Delay (Destination): 1.985ns (routing 0.836ns, distribution 1.149ns)

    Location             Delay type                Incr(ns)  Path(ns)    Netlist Resource(s)
  -------------------------------------------------------------------    -------------------
                         (clock clk rise edge)        0.000     0.000 r  
    AR14                                              0.000     0.000 r  clk (IN)
                         net (fo=0)                   0.000     0.000    clk_IBUF_inst/I
    AR14                 INBUF (Prop_INBUF_HPIOB_M_PAD_O)
                                                      0.586     0.586 r  clk_IBUF_inst/INBUF_INST/O
                         net (fo=1, routed)           0.000     0.586    clk_IBUF_inst/OUT
    AR14                 IBUFCTRL (Prop_IBUFCTRL_HPIOB_M_I_O)
                                                      0.000     0.586 r  clk_IBUF_inst/IBUFCTRL_INST/O
                         net (fo=1, routed)           0.323     0.909    clk_IBUF
    BUFGCE_X0Y170        BUFGCE (Prop_BUFCE_BUFGCE_I_O)
                                                      0.028     0.937 r  clk_IBUF_BUFG_inst/O
    X4Y5 (CLOCK_ROOT)    net (fo=7539, routed)        2.200     3.137    SharedReg75_instance/clk_IBUF_BUFG
    SLR Crossing[1->0]   
    SLICE_X123Y238       FDCE                                         r  SharedReg75_instance/s4_reg_c/C
  -------------------------------------------------------------------    -------------------
    SLICE_X123Y238       FDCE (Prop_HFF2_SLICEL_C_Q)
                                                      0.080     3.217 r  SharedReg75_instance/s4_reg_c/Q
                         net (fo=139, routed)         3.242     6.459    SharedReg73_instance/s4_reg_c
    SLR Crossing[0->1]   
    SLICE_X129Y428       LUT2 (Prop_A6LUT_SLICEM_I1_O)
                                                      0.053     6.512 r  SharedReg73_instance/s4_reg_gate__0/O
                         net (fo=1, routed)           0.053     6.565    SharedReg73_instance/s4_reg_gate__0_n_0
    SLICE_X129Y428       FDCE                                         r  SharedReg73_instance/Y_reg[32]/D
  -------------------------------------------------------------------    -------------------

                         (clock clk rise edge)        4.000     4.000 r  
    AR14                                              0.000     4.000 r  clk (IN)
                         net (fo=0)                   0.000     4.000    clk_IBUF_inst/I
    AR14                 INBUF (Prop_INBUF_HPIOB_M_PAD_O)
                                                      0.336     4.336 r  clk_IBUF_inst/INBUF_INST/O
                         net (fo=1, routed)           0.000     4.336    clk_IBUF_inst/OUT
    AR14                 IBUFCTRL (Prop_IBUFCTRL_HPIOB_M_I_O)
                                                      0.000     4.336 r  clk_IBUF_inst/IBUFCTRL_INST/O
                         net (fo=1, routed)           0.287     4.623    clk_IBUF
    BUFGCE_X0Y170        BUFGCE (Prop_BUFCE_BUFGCE_I_O)
                                                      0.024     4.647 r  clk_IBUF_BUFG_inst/O
    X4Y5 (CLOCK_ROOT)    net (fo=7539, routed)        1.985     6.632    SharedReg73_instance/clk_IBUF_BUFG
    SLICE_X129Y428       FDCE                                         r  SharedReg73_instance/Y_reg[32]/C
                         clock pessimism              0.376     7.007    
                         inter-SLR compensation      -0.172     6.835    
                         clock uncertainty           -0.035     6.800    
    SLICE_X129Y428       FDCE (Setup_AFF_SLICEM_C_D)
                                                      0.025     6.825    SharedReg73_instance/Y_reg[32]
  -------------------------------------------------------------------
                         required time                          6.825    
                         arrival time                          -6.565    
  -------------------------------------------------------------------
                         slack                                  0.259    




