Copyright 1986-2018 Xilinx, Inc. All Rights Reserved.
------------------------------------------------------------------------------------------------------------------------------------------------------------------------------------------------
| Tool Version      : Vivado v.2018.1 (lin64) Build 2188600 Wed Apr  4 18:39:19 MDT 2018
| Date              : Fri Aug 27 21:43:45 2021
| Host              : animal.digi.e-technik.uni-kassel.de running 64-bit AlmaLinux release 8.3 (Purple Manul)
| Command           : report_timing -file /home/nfiege/Repositories/origami/vhdl/ratII/synth/fir_SAM/UniformILPNew/fir_SAM_UniformILPNew_355_ultrascale2_250/implementedSystem_timing_synth.rpt
| Design            : implementedSystem_toplevel
| Device            : xcvu13p-fhga2104
| Speed File        : -2  PRODUCTION 1.19 03-17-2018
| Temperature Grade : E
------------------------------------------------------------------------------------------------------------------------------------------------------------------------------------------------

Timing Report

Slack (MET) :             0.302ns  (required time - arrival time)
  Source:                 SharedReg192_instance/s8_reg_c/C
                            (rising edge-triggered cell FDCE clocked by clk  {rise@0.000ns fall@2.000ns period=4.000ns})
  Destination:            SharedReg11_instance/Y_reg[24]/D
                            (rising edge-triggered cell FDCE clocked by clk  {rise@0.000ns fall@2.000ns period=4.000ns})
  Path Group:             clk
  Path Type:              Setup (Max at Slow Process Corner)
  Requirement:            4.000ns  (clk rise@4.000ns - clk rise@0.000ns)
  Data Path Delay:        3.406ns  (logic 0.228ns (6.694%)  route 3.178ns (93.306%))
  Logic Levels:           1  (LUT2=1)
  Clock Path Skew:        -0.282ns (DCD - SCD + CPR)
    Destination Clock Delay (DCD):    2.645ns = ( 6.645 - 4.000 ) 
    Source Clock Delay      (SCD):    3.325ns
    Clock Pessimism Removal (CPR):    0.398ns
  Clock Uncertainty:      0.035ns  ((TSJ^2 + TIJ^2)^1/2 + DJ) / 2 + PE
    Total System Jitter     (TSJ):    0.071ns
    Total Input Jitter      (TIJ):    0.000ns
    Discrete Jitter          (DJ):    0.000ns
    Phase Error              (PE):    0.000ns
  Clock Net Delay (Source):      2.374ns (routing 1.167ns, distribution 1.207ns)
  Clock Net Delay (Destination): 1.985ns (routing 1.060ns, distribution 0.925ns)

    Location             Delay type                Incr(ns)  Path(ns)    Netlist Resource(s)
  -------------------------------------------------------------------    -------------------
                         (clock clk rise edge)        0.000     0.000 r  
    AP13                                              0.000     0.000 r  clk (IN)
                         net (fo=0)                   0.000     0.000    clk_IBUF_inst/I
    AP13                 INBUF (Prop_INBUF_HPIOB_M_PAD_O)
                                                      0.600     0.600 r  clk_IBUF_inst/INBUF_INST/O
                         net (fo=1, routed)           0.000     0.600    clk_IBUF_inst/OUT
    AP13                 IBUFCTRL (Prop_IBUFCTRL_HPIOB_M_I_O)
                                                      0.000     0.600 r  clk_IBUF_inst/IBUFCTRL_INST/O
                         net (fo=1, routed)           0.323     0.923    clk_IBUF
    BUFGCE_X0Y170        BUFGCE (Prop_BUFCE_BUFGCE_I_O)
                                                      0.028     0.951 r  clk_IBUF_BUFG_inst/O
    X3Y5 (CLOCK_ROOT)    net (fo=29299, routed)       2.374     3.325    SharedReg192_instance/clk
    SLICE_X132Y334       FDCE                                         r  SharedReg192_instance/s8_reg_c/C
  -------------------------------------------------------------------    -------------------
    SLICE_X132Y334       FDCE (Prop_FFF_SLICEL_C_Q)
                                                      0.079     3.404 r  SharedReg192_instance/s8_reg_c/Q
                         net (fo=105, routed)         3.119     6.523    SharedReg11_instance/s8_reg_c
    SLICE_X104Y396       LUT2 (Prop_B6LUT_SLICEM_I1_O)
                                                      0.149     6.672 r  SharedReg11_instance/s8_reg_gate__8/O
                         net (fo=1, routed)           0.059     6.731    SharedReg11_instance/s8_reg_gate__8_n_0
    SLICE_X104Y396       FDCE                                         r  SharedReg11_instance/Y_reg[24]/D
  -------------------------------------------------------------------    -------------------

                         (clock clk rise edge)        4.000     4.000 r  
    AP13                                              0.000     4.000 r  clk (IN)
                         net (fo=0)                   0.000     4.000    clk_IBUF_inst/I
    AP13                 INBUF (Prop_INBUF_HPIOB_M_PAD_O)
                                                      0.349     4.349 r  clk_IBUF_inst/INBUF_INST/O
                         net (fo=1, routed)           0.000     4.349    clk_IBUF_inst/OUT
    AP13                 IBUFCTRL (Prop_IBUFCTRL_HPIOB_M_I_O)
                                                      0.000     4.349 r  clk_IBUF_inst/IBUFCTRL_INST/O
                         net (fo=1, routed)           0.287     4.636    clk_IBUF
    BUFGCE_X0Y170        BUFGCE (Prop_BUFCE_BUFGCE_I_O)
                                                      0.024     4.660 r  clk_IBUF_BUFG_inst/O
    X3Y5 (CLOCK_ROOT)    net (fo=29299, routed)       1.985     6.645    SharedReg11_instance/clk_IBUF_BUFG
    SLICE_X104Y396       FDCE                                         r  SharedReg11_instance/Y_reg[24]/C
                         clock pessimism              0.398     7.043    
                         clock uncertainty           -0.035     7.007    
    SLICE_X104Y396       FDCE (Setup_BFF_SLICEM_C_D)
                                                      0.025     7.032    SharedReg11_instance/Y_reg[24]
  -------------------------------------------------------------------
                         required time                          7.032    
                         arrival time                          -6.731    
  -------------------------------------------------------------------
                         slack                                  0.302    




